// Jest Snapshot v1, https://goo.gl/fbAQLP

exports[`ColorFilterEffect should apply color filter correctly 1`] = `ImageData { width: 200, height: 200, data: [100, 100, 100, 255, 100, 100, 100, 255, 100, 100...], length: 160000 }`;
