// Jest Snapshot v1, https://goo.gl/fbAQLP

exports[`PixelateEffect should apply pixelate effect correctly 1`] = `ImageData { width: 200, height: 200, data: [100, 150, 200, 255, 100, 150, 200, 255, 100, 150...], length: 160000 }`;
