// Jest Snapshot v1, https://goo.gl/fbAQLP

exports[`SepiaEffect should apply sepia effect correctly 1`] = `ImageData { width: 200, height: 200, data: [192, 171, 134, 255, 192, 171, 134, 255, 192, 171...], length: 160000 }`;
