// Jest Snapshot v1, https://goo.gl/fbAQLP

exports[`BrightnessContrastEffect should apply brightness and contrast effect correctly 1`] = `ImageData { width: 200, height: 200, data: [113, 176, 239, 255, 113, 176, 239, 255, 113, 176...], length: 160000 }`;
