// Jest Snapshot v1, https://goo.gl/fbAQLP

exports[`GrayscaleEffect should apply grayscale effect correctly 1`] = `ImageData { width: 200, height: 200, data: [150, 150, 150, 255, 150, 150, 150, 255, 150, 150...], length: 160000 }`;
