// Jest Snapshot v1, https://goo.gl/fbAQLP

exports[`SharpenEffect should apply sharpen effect correctly 1`] = `ImageData { width: 200, height: 200, data: [255, 255, 255, 255, 200, 255, 255, 255, 200, 255...], length: 160000 }`;
